
  EPA STORM WATER MANAGEMENT MODEL - VERSION 5.2 (Build 5.2.4)
  PYSWMM TOOLKIT API - VERSION v1.0 (2025-09-04)
  ------------------------------------------------------------

  
  ****************
  Analysis Options
  ****************
  Flow Units ............... CMS
  Process Models:
    Rainfall/Runoff ........ YES
    RDII ................... NO
    Snowmelt ............... NO
    Groundwater ............ NO
    Flow Routing ........... YES
    Ponding Allowed ........ YES
    Water Quality .......... NO
  Infiltration Method ...... HORTON
  Flow Routing Method ...... DYNWAVE
  Surcharge Method ......... EXTRAN
  Starting Date ............ 01/01/2000 00:00:00
  Ending Date .............. 01/31/2000 23:55:00
  Antecedent Dry Days ...... 0.0
  Report Time Step ......... 00:05:00
  Wet Time Step ............ 00:05:00
  Dry Time Step ............ 00:05:00
  Routing Time Step ........ 30.00 sec
  Variable Time Step ....... YES
  Maximum Trials ........... 8
  Number of Threads ........ 1
  Head Tolerance ........... 0.001500 m
  
  
  **************************        Volume         Depth
  Runoff Quantity Continuity     hectare-m            mm
  **************************     ---------       -------
  Total Precipitation ......         9.853        54.679
  Evaporation Loss .........         0.000         0.000
  Infiltration Loss ........         0.000         0.000
  Surface Runoff ...........         9.857        54.698
  Final Storage ............         0.009         0.052
  Continuity Error (%) .....        -0.129
  
  
  **************************        Volume        Volume
  Flow Routing Continuity        hectare-m      10^6 ltr
  **************************     ---------     ---------
  Dry Weather Inflow .......        23.545       235.457
  Wet Weather Inflow .......         9.857        98.569
  Groundwater Inflow .......         0.000         0.000
  RDII Inflow ..............         0.000         0.000
  External Inflow ..........         0.000         0.000
  External Outflow .........        32.957       329.575
  Flooding Loss ............         0.334         3.340
  Evaporation Loss .........         0.000         0.000
  Exfiltration Loss ........         0.000         0.000
  Initial Stored Volume ....         0.000         0.000
  Final Stored Volume ......         0.121         1.214
  Continuity Error (%) .....        -0.031
  
  
  ***************************
  Time-Step Critical Elements
  ***************************
  Link C15 (4.69%)
  
  
  ********************************
  Highest Flow Instability Indexes
  ********************************
  All links are stable.
  
  
  *********************************
  Most Frequent Nonconverging Nodes
  *********************************
  Convergence obtained at all time steps.
  
  
  *************************
  Routing Time Step Summary
  *************************
  Minimum Time Step           :     0.04 sec
  Average Time Step           :    29.70 sec
  Maximum Time Step           :    30.00 sec
  % of Time in Steady State   :     0.00
  Average Iterations per Step :     2.00
  % of Steps Not Converging   :     0.00
  Time Step Frequencies       :
     30.000 - 13.228 sec      :    99.78 %
     13.228 -  5.833 sec      :     0.12 %
      5.833 -  2.572 sec      :     0.06 %
      2.572 -  1.134 sec      :     0.03 %
      1.134 -  0.500 sec      :     0.01 %
  
  
  ***************************
  Subcatchment Runoff Summary
  ***************************
  
  ------------------------------------------------------------------------------------------------------------------------------
                            Total      Total      Total      Total     Imperv       Perv      Total       Total     Peak  Runoff
                           Precip      Runon       Evap      Infil     Runoff     Runoff     Runoff      Runoff   Runoff   Coeff
  Subcatchment                 mm         mm         mm         mm         mm         mm         mm    10^6 ltr      CMS
  ------------------------------------------------------------------------------------------------------------------------------
  SC01                      54.14       0.00       0.00       0.00      54.17       0.00      54.17       17.88     0.31   1.001
  SC02                      57.20       0.00       0.00       0.00      57.22       0.00      57.22       13.02     0.25   1.000
  SC03                      57.66       0.00       0.00       0.00      57.76       0.00      57.76       10.40     0.23   1.002
  SC04                      57.20       0.00       0.00       0.00      57.18       0.00      57.18        3.95     0.06   1.000
  SC05                      54.14       0.00       0.00       0.00      54.16       0.00      54.16        8.45     0.14   1.000
  SC06                      49.83       0.00       0.00       0.00      49.80       0.00      49.80       16.21     0.20   0.999
  SC07                      57.20       0.00       0.00       0.00      57.18       0.00      57.18        2.72     0.04   1.000
  SC08                      57.66       0.00       0.00       0.00      57.68       0.00      57.68       16.15     0.32   1.000
  SC09                      49.83       0.00       0.00       0.00      49.83       0.00      49.83        3.44     0.05   1.000
  SC010                     54.14       0.00       0.00       0.00      54.15       0.00      54.15        6.36     0.10   1.000
  
  
  ******************
  Node Depth Summary
  ******************
  
  ---------------------------------------------------------------------------------
                                 Average  Maximum  Maximum  Time of Max    Reported
                                   Depth    Depth      HGL   Occurrence   Max Depth
  Node                 Type       Meters   Meters   Meters  days hr:min      Meters
  ---------------------------------------------------------------------------------
  J1                   JUNCTION     0.04     0.14    34.14    14  11:35        0.14
  J3                   JUNCTION     0.09     0.13    18.13    14  15:37        0.13
  CSO7                 JUNCTION     0.06     0.20    34.20    26  11:40        0.20
  J5                   JUNCTION     0.04     0.12    32.12    26  11:42        0.12
  CSO9                 JUNCTION     0.06     0.22    40.22    14  11:35        0.22
  J8                   JUNCTION     0.06     0.18    36.18    14  11:41        0.18
  CSO8                 JUNCTION     0.05     0.41    32.41    26  11:25        0.41
  J10                  JUNCTION     0.05     0.23    29.23    26  11:26        0.23
  J13                  JUNCTION     0.03     0.14    29.14    14  11:40        0.14
  J15                  JUNCTION     0.12     0.25    15.25    24  05:24        0.25
  J16                  JUNCTION     0.03     0.14    30.14    14  11:35        0.14
  CSO10                JUNCTION     0.05     0.27    30.27    14  11:35        0.27
  J12                  JUNCTION     0.09     0.90    26.90    26  13:51        0.90
  J4                   JUNCTION     0.07     0.24    33.24    26  11:43        0.24
  J6                   JUNCTION     0.05     0.07    25.07    14  15:32        0.07
  J2                   JUNCTION     0.05     0.08    25.08    14  14:54        0.08
  J19                  JUNCTION     0.12     0.17     8.17    23  20:20        0.17
  J9                   JUNCTION     0.07     0.11    29.11    14  14:02        0.11
  J14                  JUNCTION     0.10     0.15    20.15    26  13:48        0.15
  J17                  JUNCTION     0.05     0.08    20.08    26  13:08        0.08
  J7                   JUNCTION     0.05     0.16    39.16    14  11:40        0.15
  J11                  JUNCTION     0.04     0.24    31.24    26  11:27        0.24
  J18                  JUNCTION     0.03     0.12    29.12    14  11:37        0.12
  Out_to_WWTP          OUTFALL      0.12     0.17     6.17    14  16:10        0.17
  T5                   STORAGE      0.98     5.00    32.00    14  14:15        5.00
  T4                   STORAGE      1.03     5.00    32.00    14  14:24        5.00
  T6                   STORAGE      1.15     5.00    36.00    14  12:51        5.00
  T3                   STORAGE      1.24     4.91    26.91    26  13:47        4.91
  T2                   STORAGE      1.22     5.00    26.00    14  15:03        5.00
  T1                   STORAGE      1.27     5.00    15.00    14  12:50        5.00
  
  
  *******************
  Node Inflow Summary
  *******************
  
  -------------------------------------------------------------------------------------------------
                                  Maximum  Maximum                  Lateral       Total        Flow
                                  Lateral    Total  Time of Max      Inflow      Inflow     Balance
                                   Inflow   Inflow   Occurrence      Volume      Volume       Error
  Node                 Type           CMS      CMS  days hr:min    10^6 ltr    10^6 ltr     Percent
  -------------------------------------------------------------------------------------------------
  J1                   JUNCTION     0.166    0.166    14  11:35        42.4        42.4      -0.052
  J3                   JUNCTION     0.000    0.184    14  15:35           0         224       0.009
  CSO7                 JUNCTION     0.056    0.056    26  11:40        20.3        20.3       0.000
  J5                   JUNCTION     0.070    0.125    26  11:40        11.7        31.9      -0.034
  CSO9                 JUNCTION     0.062    0.062    14  11:35        15.3        15.3      -0.004
  J8                   JUNCTION     0.243    0.304    14  11:40        73.1        88.4      -0.066
  CSO8                 JUNCTION     0.329    0.329    26  11:25          30          30      -0.008
  J10                  JUNCTION     0.241    0.563    26  11:25        33.7        63.7      -0.028
  J13                  JUNCTION     0.269    0.269    14  11:40        41.3        41.3      -0.070
  J15                  JUNCTION     0.000    0.575    24  05:21           0         331       0.012
  J16                  JUNCTION     0.335    0.335    14  11:35        51.4        51.4      -0.023
  CSO10                JUNCTION     0.105    0.105    14  11:35        14.8        14.8      -0.003
  J12                  JUNCTION     0.000    0.622    26  11:27           0         151      -0.036
  J4                   JUNCTION     0.000    0.056    26  11:40           0        20.3       0.006
  J6                   JUNCTION     0.000    0.028    14  14:25           0        31.6       0.005
  J2                   JUNCTION     0.000    0.039    14  14:15           0        42.3       0.002
  J19                  JUNCTION     0.000    0.271    14  12:50           0         330       0.002
  J9                   JUNCTION     0.000    0.075    14  12:51           0        87.4       0.017
  J14                  JUNCTION     0.000    0.122    26  13:47           0         151       0.003
  J17                  JUNCTION     0.000    0.033    14  15:04           0        40.7       0.010
  J7                   JUNCTION     0.000    0.062    14  11:36           0        15.3       0.012
  J11                  JUNCTION     0.000    0.328    26  11:26           0          30       0.022
  J18                  JUNCTION     0.000    0.105    14  11:35           0        14.8      -0.027
  Out_to_WWTP          OUTFALL      0.000    0.271    14  12:51           0         330       0.000
  T5                   STORAGE      0.000    0.166    14  11:35           0        42.5       0.129
  T4                   STORAGE      0.000    0.125    26  11:42           0          32       0.140
  T6                   STORAGE      0.000    0.302    14  11:41           0        88.5       0.113
  T3                   STORAGE      0.000    0.618    26  11:29           0         151       0.137
  T2                   STORAGE      0.000    0.267    14  11:40           0        41.3       0.240
  T1                   STORAGE      0.000    0.529    24  05:24           0         331       0.024
  
  
  **********************
  Node Surcharge Summary
  **********************
  
  No nodes were surcharged.
  
  
  *********************
  Node Flooding Summary
  *********************
  
  Flooding refers to all water that overflows a node, whether it ponds or not.
  --------------------------------------------------------------------------
                                                             Total   Maximum
                                 Maximum   Time of Max       Flood    Ponded
                        Hours       Rate    Occurrence      Volume     Depth
  Node                 Flooded       CMS   days hr:min    10^6 ltr    Meters
  --------------------------------------------------------------------------
  T5                      0.96     0.035     14  14:21       0.061     0.000
  T4                      3.00     0.058     26  12:52       0.283     0.000
  T6                      2.89     0.204     14  13:31       1.005     0.000
  T2                      2.43     0.132     26  12:20       0.475     0.000
  T1                      5.56     0.179     14  13:42       1.514     0.000
  
  
  **********************
  Storage Volume Summary
  **********************
  
  ------------------------------------------------------------------------------------------------
                         Average    Avg   Evap  Exfil     Maximum    Max    Time of Max    Maximum
                          Volume   Pcnt   Pcnt   Pcnt      Volume   Pcnt     Occurrence    Outflow
  Storage Unit           1000 m³   Full   Loss   Loss     1000 m³   Full    days hr:min        CMS
  ------------------------------------------------------------------------------------------------
  T5                       0.098   19.6    0.0    0.0       0.500  100.0      14  14:15      0.039
  T4                       0.103   20.7    0.0    0.0       0.500  100.0      14  14:24      0.028
  T6                       0.137   22.9    0.0    0.0       0.600  100.0      14  12:51      0.075
  T3                       0.645   24.8    0.0    0.0       2.553   98.2      26  13:47      0.206
  T2                       0.244   24.4    0.0    0.0       1.000  100.0      14  15:03      0.033
  T1                       0.178   25.4    0.0    0.0       0.700  100.0      14  12:50      0.271
  
  
  ***********************
  Outfall Loading Summary
  ***********************
  
  -----------------------------------------------------------
                         Flow       Avg       Max       Total
                         Freq      Flow      Flow      Volume
  Outfall Node           Pcnt       CMS       CMS    10^6 ltr
  -----------------------------------------------------------
  Out_to_WWTP           99.98     0.124     0.271     329.573
  -----------------------------------------------------------
  System                99.98     0.124     0.271     329.573
  
  
  ********************
  Link Flow Summary
  ********************
  
  -----------------------------------------------------------------------------
                                 Maximum  Time of Max   Maximum    Max/    Max/
                                  |Flow|   Occurrence   |Veloc|    Full    Full
  Link                 Type          CMS  days hr:min     m/sec    Flow   Depth
  -----------------------------------------------------------------------------
  C1                   CONDUIT     0.039    14  14:55      0.95    0.01    0.11
  C6                   CONDUIT     0.056    26  11:44      1.26    0.89    0.60
  C2                   CONDUIT     0.028    14  15:05      0.87    0.03    0.17
  C9                   CONDUIT     0.061    14  11:40      1.05    0.21    0.34
  C16                  CONDUIT     0.326    26  11:28      1.56    0.03    0.12
  C3                   CONDUIT     0.122    26  13:48      1.79    0.05    0.14
  C19                  CONDUIT     0.033    26  13:08      0.61    0.01    0.16
  C11                  CONDUIT     0.184    14  15:37      1.67    0.01    0.09
  C20                  CONDUIT     0.333    14  11:35      2.18    0.01    0.10
  C22                  CONDUIT     0.104    14  11:37      1.23    0.05    0.23
  C12                  CONDUIT     0.075    14  14:03      1.06    0.01    0.25
  C17                  CONDUIT     0.561    26  11:27      2.56    0.03    0.25
  C10                  CONDUIT     0.302    14  11:41      2.35    0.03    0.56
  C13                  CONDUIT     0.618    26  11:29      1.19    0.04    0.73
  C18                  CONDUIT     0.267    14  11:40      1.00    0.01    0.53
  C23                  CONDUIT     0.529    24  05:24      1.02    0.06    0.58
  C4                   CONDUIT     0.166    14  11:35      1.11    0.04    0.57
  C7                   CONDUIT     0.125    26  11:42      0.83    0.03    0.56
  C14                  CONDUIT     0.271    14  12:51      2.08    0.02    0.09
  C5                   CONDUIT     0.056    26  11:40      1.24    0.96    0.86
  C8                   CONDUIT     0.062    14  11:36      1.74    0.78    0.59
  C15                  CONDUIT     0.328    26  11:26      2.92    1.04    0.73
  C21                  CONDUIT     0.105    14  11:35      1.64    0.60    0.44
  V4                   ORIFICE     0.028    14  14:25                      0.35
  V5                   ORIFICE     0.039    14  14:15                      1.00
  V1                   ORIFICE     0.271    14  12:50                      1.00
  V6                   ORIFICE     0.075    14  12:51                      0.43
  V3                   ORIFICE     0.122    26  13:47                      0.65
  V2                   ORIFICE     0.033    14  15:04                      0.24
  
  
  ***************************
  Flow Classification Summary
  ***************************
  
  -------------------------------------------------------------------------------------
                      Adjusted    ---------- Fraction of Time in Flow Class ---------- 
                       /Actual         Up    Down  Sub   Sup   Up    Down  Norm  Inlet 
  Conduit               Length    Dry  Dry   Dry   Crit  Crit  Crit  Crit  Ltd   Ctrl  
  -------------------------------------------------------------------------------------
  C1                      1.00   0.00  0.00  0.00  0.85  0.15  0.00  0.00  1.00  0.00
  C6                      1.00   0.00  0.00  0.00  0.00  1.00  0.00  0.00  0.00  0.00
  C2                      1.00   0.00  0.00  0.00  0.96  0.04  0.00  0.00  1.00  0.00
  C9                      1.00   0.00  0.00  0.00  1.00  0.00  0.00  0.00  1.00  0.00
  C16                     1.00   0.00  0.00  0.00  0.90  0.10  0.00  0.00  0.78  0.00
  C3                      1.00   0.00  0.00  0.00  0.00  1.00  0.00  0.00  0.00  0.00
  C19                     1.00   0.00  0.00  0.00  1.00  0.00  0.00  0.00  1.00  0.00
  C11                     1.00   0.00  0.00  0.00  0.01  0.99  0.00  0.00  1.00  0.00
  C20                     1.00   0.00  0.00  0.00  0.95  0.05  0.00  0.00  1.00  0.00
  C22                     1.00   0.00  0.00  0.00  1.00  0.00  0.00  0.00  1.00  0.00
  C12                     1.00   0.00  0.00  0.00  0.15  0.85  0.00  0.00  0.69  0.00
  C17                     1.00   0.00  0.00  0.00  0.63  0.37  0.00  0.00  1.00  0.00
  C10                     1.00   0.00  0.00  0.00  0.99  0.01  0.00  0.00  1.00  0.00
  C13                     1.00   0.00  0.00  0.00  1.00  0.00  0.00  0.00  0.96  0.00
  C18                     1.00   0.00  0.00  0.00  1.00  0.00  0.00  0.00  1.00  0.00
  C23                     1.00   0.00  0.00  0.00  1.00  0.00  0.00  0.00  1.00  0.00
  C4                      1.00   0.00  0.00  0.00  1.00  0.00  0.00  0.00  1.00  0.00
  C7                      1.00   0.00  0.00  0.00  1.00  0.00  0.00  0.00  1.00  0.00
  C14                     1.00   0.00  0.00  0.00  0.00  1.00  0.00  0.00  0.87  0.00
  C5                      1.00   0.00  0.00  0.00  0.97  0.03  0.00  0.00  1.00  0.00
  C8                      1.00   0.00  0.00  0.00  0.21  0.79  0.00  0.00  0.00  0.00
  C15                     1.00   0.00  0.00  0.00  0.07  0.93  0.00  0.00  0.03  0.00
  C21                     1.00   0.00  0.00  0.00  0.00  1.00  0.00  0.00  0.00  0.00
  
  
  *************************
  Conduit Surcharge Summary
  *************************
  
  ----------------------------------------------------------------------------
                                                           Hours        Hours 
                         --------- Hours Full --------   Above Full   Capacity
  Conduit                Both Ends  Upstream  Dnstream   Normal Flow   Limited
  ----------------------------------------------------------------------------
  C10                         0.01      0.01    171.00      0.01         0.01
  C13                         0.01      0.01    136.50      0.01         0.01
  C18                         0.01      0.01    138.43      0.01         0.01
  C23                         0.01      0.01    173.51      0.01         0.01
  C4                          0.01      0.01    238.64      0.01         0.01
  C7                          0.01      0.01    252.79      0.01         0.01
  C15                         0.01      0.01      0.01      0.30         0.01
  

  Analysis begun on:  Sat Mar 28 15:50:31 2026
  Analysis ended on:  Sat Mar 28 15:50:36 2026
  Total elapsed time: 00:00:05